// Jest Snapshot v1, https://goo.gl/fbAQLP

exports[`RecipeDetailPage matches snapshot with dark theme 1`] = `
<RNCSafeAreaView
  className="flex-1 items-center justify-center"
  edges={
    {
      "bottom": "additive",
      "left": "additive",
      "right": "additive",
      "top": "additive",
    }
  }
  style={
    {
      "backgroundColor": "#000000",
    }
  }
>
  <Text
    className="text-base text-foreground web:select-text tracking-[0.05em]"
    style={
      [
        {
          "fontFamily": "Comfortaa_400Regular",
        },
        undefined,
      ]
    }
  >
    Recipe Detail
  </Text>
</RNCSafeAreaView>
`;

exports[`RecipeDetailPage matches snapshot with light theme 1`] = `
<RNCSafeAreaView
  className="flex-1 items-center justify-center"
  edges={
    {
      "bottom": "additive",
      "left": "additive",
      "right": "additive",
      "top": "additive",
    }
  }
  style={
    {
      "backgroundColor": "#000000",
    }
  }
>
  <Text
    className="text-base text-foreground web:select-text tracking-[0.05em]"
    style={
      [
        {
          "fontFamily": "Comfortaa_400Regular",
        },
        undefined,
      ]
    }
  >
    Recipe Detail
  </Text>
</RNCSafeAreaView>
`;
